// Jest Snapshot v1, https://goo.gl/fbAQLP

exports[`Header Matches the snapshot with no props 1`] = `
<div>
  <div
    class="sticky top-0 z-20"
  >
    <header
      class="flex flex-row items-center justify-between h-16 px-106 bg-transparent"
    >
      <div
        class="flex flex-row items-center gap-12"
      >
        <p
          class="text-2xl font-bold opacity-100"
        >
          Coner Murphy
        </p>
        <nav
          class="flex flex-row gap-8"
        >
          <a
            class="font-semibold"
            href="/"
          >
            Home
          </a>
          <a
            class="font-semibold"
            href="/blog"
          >
            Blog
          </a>
          <a
            class="font-semibold"
            href="/contact"
          >
            Contact
          </a>
        </nav>
      </div>
    </header>
  </div>
</div>
`;
