// Jest Snapshot v1, https://goo.gl/fbAQLP

exports[`NavBar Matches the snapshot 1`] = `
<div>
  <nav
    class="flex flex-row gap-8"
  >
    <p
      class="font-semibold"
      href="/"
    >
      Home
    </p>
    <p
      class="font-semibold"
      href="/blog"
    >
      Blog
    </p>
    <p
      class="font-semibold"
      href="/contact"
    >
      Contact
    </p>
  </nav>
</div>
`;
