// Jest Snapshot v1, https://goo.gl/fbAQLP

exports[`Services Matches the snapshot 1`] = `
<div>
  <div
    class="flex flex-col items-center my-10 md:my-72"
  >
    <section
      class="max-w-[1334px] md:px-20 lg:px-106"
    >
      <h2
        class="font-bold text-32 md:text-40"
      >
        My Crafts...
      </h2>
      <p
        class="text-lg opacity-75 mb-10 md:text-2xl"
      >
        Let me help you, here’s how.
      </p>
      <ul
        class="flex flex-col items-center flex-wrap gap-12 md:flex-row lg:flex-nowrap xl:gap-[78px]"
      >
        <article
          class="max-w-xs"
        >
          <div
            class="flex flex-row items-center gap-3 mb-5"
          >
            <div
              class="w-11 h-11 flex items-center justify-center bg-primary text-offWhite rounded-[10px]"
            />
            <h3
              class="text-2xl font-semibold"
            >
              Service Title 1
            </h3>
          </div>
          <p
            class="opacity-75 max-w-[274px] lg:max-w-[320px]"
          >
            Lorem ipsum dolor sit amet, consectetur adipiscing elit. Nulla arcu at facilisis dignissim arcu pretium tempus. Cras scelerisque urna amet sagittis donec arcu ipsum.
          </p>
        </article>
        <article
          class="max-w-xs"
        >
          <div
            class="flex flex-row items-center gap-3 mb-5"
          >
            <div
              class="w-11 h-11 flex items-center justify-center bg-primary text-offWhite rounded-[10px]"
            />
            <h3
              class="text-2xl font-semibold"
            >
              Service Title 2
            </h3>
          </div>
          <p
            class="opacity-75 max-w-[274px] lg:max-w-[320px]"
          >
            Lorem ipsum dolor sit amet, consectetur adipiscing elit. Nulla arcu at facilisis dignissim arcu pretium tempus. Cras scelerisque urna amet sagittis donec arcu ipsum.
          </p>
        </article>
        <article
          class="max-w-xs"
        >
          <div
            class="flex flex-row items-center gap-3 mb-5"
          >
            <div
              class="w-11 h-11 flex items-center justify-center bg-primary text-offWhite rounded-[10px]"
            />
            <h3
              class="text-2xl font-semibold"
            >
              Service Title 3
            </h3>
          </div>
          <p
            class="opacity-75 max-w-[274px] lg:max-w-[320px]"
          >
            Lorem ipsum dolor sit amet, consectetur adipiscing elit. Nulla arcu at facilisis dignissim arcu pretium tempus. Cras scelerisque urna amet sagittis donec arcu ipsum.
          </p>
        </article>
      </ul>
    </section>
  </div>
</div>
`;
